// Jest Snapshot v1, https://goo.gl/fbAQLP

exports[`example codemod expect snapshot to match 1`] = `
"const mockExample = () => ({
  a: true,
});
"
`;
